// Jest Snapshot v1, https://goo.gl/fbAQLP

exports[`should render NotFoundPage properly 1`] = `
<div>
  404! page - 
  <Link
    replace={false}
    to="/"
  >
    Home
  </Link>
</div>
`;
